// Jest Snapshot v1, https://goo.gl/fbAQLP

exports[`<Listbox /> has defaults 1`] = `
<ul
  aria-labelledby="test-label-id"
  onFocus={[Function]}
  onKeyDown={[Function]}
  role="listbox"
/>
`;
